../Core/Src/main.c:81:5:main	24	static
../Core/Src/main.c:151:6:SystemClock_Config	72	static
../Core/Src/main.c:181:13:MX_TIM1_Init	80	static
../Core/Src/main.c:241:13:MX_TIM2_Init	32	static
../Core/Src/main.c:277:13:MX_GPIO_Init	40	static
../Core/Src/main.c:300:6:HAL_TIM_IC_CaptureCallback	16	static
../Core/Src/main.c:333:6:HCSR04_ReadDistance	8	static
../Core/Src/main.c:340:6:SetRGBBrightness	16	static
../Core/Src/main.c:347:10:Map	24	static
../Core/Src/main.c:353:6:HAL_Delay_microseconds	24	static,ignoring_inline_asm
../Core/Src/main.c:366:6:Error_Handler	4	static,ignoring_inline_asm
